2025-10-16 19:33:01.608739: I tensorflow/core/util/port.cc:113] oneDNN custom operations are on. You may see slightly different numerical results due to floating-point round-off errors from different computation orders. To turn them off, set the environment variable `TF_ENABLE_ONEDNN_OPTS=0`.
2025-10-16 19:33:01.650802: E external/local_xla/xla/stream_executor/cuda/cuda_dnn.cc:9261] Unable to register cuDNN factory: Attempting to register factory for plugin cuDNN when one has already been registered
2025-10-16 19:33:01.650849: E external/local_xla/xla/stream_executor/cuda/cuda_fft.cc:607] Unable to register cuFFT factory: Attempting to register factory for plugin cuFFT when one has already been registered
2025-10-16 19:33:01.651944: E external/local_xla/xla/stream_executor/cuda/cuda_blas.cc:1515] Unable to register cuBLAS factory: Attempting to register factory for plugin cuBLAS when one has already been registered
2025-10-16 19:33:01.657544: I tensorflow/core/platform/cpu_feature_guard.cc:182] This TensorFlow binary is optimized to use available CPU instructions in performance-critical operations.
To enable the following instructions: AVX2 AVX512F AVX512_VNNI AVX512_BF16 AVX_VNNI AMX_TILE AMX_INT8 AMX_BF16 FMA, in other operations, rebuild TensorFlow with the appropriate compiler flags.
2025-10-16 19:33:02.176206: W tensorflow/compiler/tf2tensorrt/utils/py_utils.cc:38] TF-TRT Warning: Could not find TensorRT
2025-10-16 19:33:04.304685: W tensorflow/core/common_runtime/gpu/gpu_device.cc:2348] TensorFlow was not built with CUDA kernel binaries compatible with compute capability 9.0. CUDA kernels will be jit-compiled from PTX, which could take 30 minutes or longer.
/home/kchand/miniforge3/envs/voxelmorph_tf215/lib/python3.10/site-packages/optuna/_experimental.py:32: ExperimentalWarning: Argument ``multivariate`` is an experimental feature. The interface can change in the future.
  warnings.warn(
/home/kchand/miniforge3/envs/voxelmorph_tf215/lib/python3.10/site-packages/optuna/_experimental.py:32: ExperimentalWarning: Argument ``group`` is an experimental feature. The interface can change in the future.
  warnings.warn(
/home/kchand/miniforge3/envs/voxelmorph_tf215/lib/python3.10/site-packages/optuna/_experimental.py:32: ExperimentalWarning: Argument ``constant_liar`` is an experimental feature. The interface can change in the future.
  warnings.warn(
[I 2025-10-16 19:33:04,507] Using an existing study with name 'vxm_two_stage_val' instead of creating a new one.
[W 2025-10-16 19:33:04,600] Trial 10 failed with parameters: {'batch_size': 8, 'steps_per_epoch': 20, 'freeze_levels_stage1': 3, 'lambda_smooth': 0.3, 'lr_stage1': 1e-05, 'lr_stage2': 0.0005, 'epochs_stage1': 100, 'epochs_stage2': 50, 'lr_factor_s1': 0.5280349921085179, 'lr_factor_s2': 0.6925879806965067, 'lr_patience_stage1': 6, 'lr_patience_stage2': 4} because of the following error: ValueError('The `low` value must be smaller than or equal to the `high` value (low=1e-07, high=1e-08).').
Traceback (most recent call last):
  File "/home/kchand/miniforge3/envs/voxelmorph_tf215/lib/python3.10/site-packages/optuna/study/_optimize.py", line 201, in _run_trial
    value_or_values = func(trial)
  File "/home/kchand/image_registration/src/hyperparameter_tuning.py", line 206, in objective_with_args
    return objective(trial, CONFIG)
  File "/home/kchand/image_registration/src/hyperparameter_tuning.py", line 119, in objective
    lr_min          = trial.suggest_float("lr_min", 1e-7, 1e-8, log=True)
  File "/home/kchand/miniforge3/envs/voxelmorph_tf215/lib/python3.10/site-packages/optuna/trial/_trial.py", line 160, in suggest_float
    distribution = FloatDistribution(low, high, log=log, step=step)
  File "/home/kchand/miniforge3/envs/voxelmorph_tf215/lib/python3.10/site-packages/optuna/distributions.py", line 146, in __init__
    raise ValueError(
ValueError: The `low` value must be smaller than or equal to the `high` value (low=1e-07, high=1e-08).
[W 2025-10-16 19:33:04,601] Trial 10 failed with value None.
Traceback (most recent call last):
  File "/home/kchand/image_registration/src/hyperparameter_tuning.py", line 241, in <module>
    study.optimize(objective_with_args, n_trials=TRIALS_PER_WORKER)
  File "/home/kchand/miniforge3/envs/voxelmorph_tf215/lib/python3.10/site-packages/optuna/study/study.py", line 490, in optimize
    _optimize(
  File "/home/kchand/miniforge3/envs/voxelmorph_tf215/lib/python3.10/site-packages/optuna/study/_optimize.py", line 63, in _optimize
    _optimize_sequential(
  File "/home/kchand/miniforge3/envs/voxelmorph_tf215/lib/python3.10/site-packages/optuna/study/_optimize.py", line 160, in _optimize_sequential
    frozen_trial_id = _run_trial(study, func, catch)
  File "/home/kchand/miniforge3/envs/voxelmorph_tf215/lib/python3.10/site-packages/optuna/study/_optimize.py", line 258, in _run_trial
    raise func_err
  File "/home/kchand/miniforge3/envs/voxelmorph_tf215/lib/python3.10/site-packages/optuna/study/_optimize.py", line 201, in _run_trial
    value_or_values = func(trial)
  File "/home/kchand/image_registration/src/hyperparameter_tuning.py", line 206, in objective_with_args
    return objective(trial, CONFIG)
  File "/home/kchand/image_registration/src/hyperparameter_tuning.py", line 119, in objective
    lr_min          = trial.suggest_float("lr_min", 1e-7, 1e-8, log=True)
  File "/home/kchand/miniforge3/envs/voxelmorph_tf215/lib/python3.10/site-packages/optuna/trial/_trial.py", line 160, in suggest_float
    distribution = FloatDistribution(low, high, log=log, step=step)
  File "/home/kchand/miniforge3/envs/voxelmorph_tf215/lib/python3.10/site-packages/optuna/distributions.py", line 146, in __init__
    raise ValueError(
ValueError: The `low` value must be smaller than or equal to the `high` value (low=1e-07, high=1e-08).
