2026-02-07 11:14:16.525631: I tensorflow/core/util/port.cc:113] oneDNN custom operations are on. You may see slightly different numerical results due to floating-point round-off errors from different computation orders. To turn them off, set the environment variable `TF_ENABLE_ONEDNN_OPTS=0`.
2026-02-07 11:14:16.552299: E external/local_xla/xla/stream_executor/cuda/cuda_dnn.cc:9261] Unable to register cuDNN factory: Attempting to register factory for plugin cuDNN when one has already been registered
2026-02-07 11:14:16.552326: E external/local_xla/xla/stream_executor/cuda/cuda_fft.cc:607] Unable to register cuFFT factory: Attempting to register factory for plugin cuFFT when one has already been registered
2026-02-07 11:14:16.553102: E external/local_xla/xla/stream_executor/cuda/cuda_blas.cc:1515] Unable to register cuBLAS factory: Attempting to register factory for plugin cuBLAS when one has already been registered
2026-02-07 11:14:16.557448: I tensorflow/core/platform/cpu_feature_guard.cc:182] This TensorFlow binary is optimized to use available CPU instructions in performance-critical operations.
To enable the following instructions: AVX2 AVX512F AVX512_VNNI AVX512_BF16 AVX_VNNI AMX_TILE AMX_INT8 AMX_BF16 FMA, in other operations, rebuild TensorFlow with the appropriate compiler flags.
2026-02-07 11:14:17.092817: W tensorflow/compiler/tf2tensorrt/utils/py_utils.cc:38] TF-TRT Warning: Could not find TensorRT
2026-02-07 11:14:19.859201: W tensorflow/core/common_runtime/gpu/gpu_device.cc:2348] TensorFlow was not built with CUDA kernel binaries compatible with compute capability 9.0. CUDA kernels will be jit-compiled from PTX, which could take 30 minutes or longer.
2026-02-07 11:14:20.392188: W tensorflow/core/common_runtime/gpu/gpu_device.cc:2348] TensorFlow was not built with CUDA kernel binaries compatible with compute capability 9.0. CUDA kernels will be jit-compiled from PTX, which could take 30 minutes or longer.
2026-02-07 11:14:20.858846: I tensorflow/core/common_runtime/gpu/gpu_device.cc:1929] Created device /job:localhost/replica:0/task:0/device:GPU:0 with 78752 MB memory:  -> device: 0, name: NVIDIA H100 80GB HBM3, pci bus id: 0000:5f:00.0, compute capability: 9.0
2026-02-07 11:14:28.916547: I external/local_xla/xla/stream_executor/cuda/cuda_dnn.cc:454] Loaded cuDNN version 8904
2026-02-07 11:14:46.349905: I external/local_xla/xla/service/service.cc:168] XLA service 0x7bbe17f8f090 initialized for platform CUDA (this does not guarantee that XLA will be used). Devices:
2026-02-07 11:14:46.349927: I external/local_xla/xla/service/service.cc:176]   StreamExecutor device (0): NVIDIA H100 80GB HBM3, Compute Capability 9.0
2026-02-07 11:14:46.354162: I tensorflow/compiler/mlir/tensorflow/utils/dump_mlir_util.cc:269] disabling MLIR crash reproducer, set env var `MLIR_CRASH_REPRODUCER_DIRECTORY` to enable.
WARNING: All log messages before absl::InitializeLog() is called are written to STDERR
I0000 00:00:1770459286.421767 2781248 device_compiler.h:186] Compiled cluster using XLA!  This line is logged at most once for the lifetime of the process.
2026-02-07 11:14:55.163015: W tensorflow/core/framework/op_kernel.cc:1827] UNKNOWN: RuntimeError: Your generator is NOT thread-safe. Keras requires a thread-safe generator when `use_multiprocessing=False, workers > 1`. 
Traceback (most recent call last):

  File "/home/kchand/miniforge3/envs/voxelmorph_tf215/lib/python3.10/site-packages/keras/src/utils/data_utils.py", line 980, in get
    inputs = self.queue.get(block=True).get()

  File "/home/kchand/miniforge3/envs/voxelmorph_tf215/lib/python3.10/multiprocessing/pool.py", line 774, in get
    raise self._value

  File "/home/kchand/miniforge3/envs/voxelmorph_tf215/lib/python3.10/multiprocessing/pool.py", line 125, in worker
    result = (True, func(*args, **kwds))

  File "/home/kchand/miniforge3/envs/voxelmorph_tf215/lib/python3.10/site-packages/keras/src/utils/data_utils.py", line 914, in next_sample
    return next(_SHARED_SEQUENCES[uid])

ValueError: generator already executing


During handling of the above exception, another exception occurred:


Traceback (most recent call last):

  File "/home/kchand/miniforge3/envs/voxelmorph_tf215/lib/python3.10/site-packages/tensorflow/python/ops/script_ops.py", line 270, in __call__
    ret = func(*args)

  File "/home/kchand/miniforge3/envs/voxelmorph_tf215/lib/python3.10/site-packages/tensorflow/python/autograph/impl/api.py", line 643, in wrapper
    return func(*args, **kwargs)

  File "/home/kchand/miniforge3/envs/voxelmorph_tf215/lib/python3.10/site-packages/tensorflow/python/data/ops/from_generator_op.py", line 198, in generator_py_func
    values = next(generator_state.get_iterator(iterator_id))

  File "/home/kchand/miniforge3/envs/voxelmorph_tf215/lib/python3.10/site-packages/keras/src/engine/data_adapter.py", line 917, in wrapped_generator
    for data in generator_fn():

  File "/home/kchand/miniforge3/envs/voxelmorph_tf215/lib/python3.10/site-packages/keras/src/utils/data_utils.py", line 1002, in get
    raise RuntimeError(

RuntimeError: Your generator is NOT thread-safe. Keras requires a thread-safe generator when `use_multiprocessing=False, workers > 1`. 


2026-02-07 11:14:55.332899: I tensorflow/core/framework/local_rendezvous.cc:421] Local rendezvous recv item cancelled. Key hash: 14179352449204172400
Traceback (most recent call last):
  File "/home/kchand/image_registration/src/train_ensemble_simple_structures.py", line 345, in <module>
    train_single_ensemble_model(
  File "/home/kchand/image_registration/src/train_ensemble_simple_structures.py", line 235, in train_single_ensemble_model
    model.fit(
  File "/home/kchand/miniforge3/envs/voxelmorph_tf215/lib/python3.10/site-packages/keras/src/utils/traceback_utils.py", line 70, in error_handler
    raise e.with_traceback(filtered_tb) from None
  File "/home/kchand/miniforge3/envs/voxelmorph_tf215/lib/python3.10/site-packages/tensorflow/python/eager/execute.py", line 53, in quick_execute
    tensors = pywrap_tfe.TFE_Py_Execute(ctx._handle, device_name, op_name,
tensorflow.python.framework.errors_impl.UnknownError: Graph execution error:

Detected at node PyFunc defined at (most recent call last):
<stack traces unavailable>
Detected at node PyFunc defined at (most recent call last):
<stack traces unavailable>
2 root error(s) found.
  (0) UNKNOWN:  RuntimeError: Your generator is NOT thread-safe. Keras requires a thread-safe generator when `use_multiprocessing=False, workers > 1`. 
Traceback (most recent call last):

  File "/home/kchand/miniforge3/envs/voxelmorph_tf215/lib/python3.10/site-packages/keras/src/utils/data_utils.py", line 980, in get
    inputs = self.queue.get(block=True).get()

  File "/home/kchand/miniforge3/envs/voxelmorph_tf215/lib/python3.10/multiprocessing/pool.py", line 774, in get
    raise self._value

  File "/home/kchand/miniforge3/envs/voxelmorph_tf215/lib/python3.10/multiprocessing/pool.py", line 125, in worker
    result = (True, func(*args, **kwds))

  File "/home/kchand/miniforge3/envs/voxelmorph_tf215/lib/python3.10/site-packages/keras/src/utils/data_utils.py", line 914, in next_sample
    return next(_SHARED_SEQUENCES[uid])

ValueError: generator already executing


During handling of the above exception, another exception occurred:


Traceback (most recent call last):

  File "/home/kchand/miniforge3/envs/voxelmorph_tf215/lib/python3.10/site-packages/tensorflow/python/ops/script_ops.py", line 270, in __call__
    ret = func(*args)

  File "/home/kchand/miniforge3/envs/voxelmorph_tf215/lib/python3.10/site-packages/tensorflow/python/autograph/impl/api.py", line 643, in wrapper
    return func(*args, **kwargs)

  File "/home/kchand/miniforge3/envs/voxelmorph_tf215/lib/python3.10/site-packages/tensorflow/python/data/ops/from_generator_op.py", line 198, in generator_py_func
    values = next(generator_state.get_iterator(iterator_id))

  File "/home/kchand/miniforge3/envs/voxelmorph_tf215/lib/python3.10/site-packages/keras/src/engine/data_adapter.py", line 917, in wrapped_generator
    for data in generator_fn():

  File "/home/kchand/miniforge3/envs/voxelmorph_tf215/lib/python3.10/site-packages/keras/src/utils/data_utils.py", line 1002, in get
    raise RuntimeError(

RuntimeError: Your generator is NOT thread-safe. Keras requires a thread-safe generator when `use_multiprocessing=False, workers > 1`. 


	 [[{{node PyFunc}}]]
	 [[IteratorGetNext]]
	 [[IteratorGetNext/_6]]
  (1) UNKNOWN:  RuntimeError: Your generator is NOT thread-safe. Keras requires a thread-safe generator when `use_multiprocessing=False, workers > 1`. 
Traceback (most recent call last):

  File "/home/kchand/miniforge3/envs/voxelmorph_tf215/lib/python3.10/site-packages/keras/src/utils/data_utils.py", line 980, in get
    inputs = self.queue.get(block=True).get()

  File "/home/kchand/miniforge3/envs/voxelmorph_tf215/lib/python3.10/multiprocessing/pool.py", line 774, in get
    raise self._value

  File "/home/kchand/miniforge3/envs/voxelmorph_tf215/lib/python3.10/multiprocessing/pool.py", line 125, in worker
    result = (True, func(*args, **kwds))

  File "/home/kchand/miniforge3/envs/voxelmorph_tf215/lib/python3.10/site-packages/keras/src/utils/data_utils.py", line 914, in next_sample
    return next(_SHARED_SEQUENCES[uid])

ValueError: generator already executing


During handling of the above exception, another exception occurred:


Traceback (most recent call last):

  File "/home/kchand/miniforge3/envs/voxelmorph_tf215/lib/python3.10/site-packages/tensorflow/python/ops/script_ops.py", line 270, in __call__
    ret = func(*args)

  File "/home/kchand/miniforge3/envs/voxelmorph_tf215/lib/python3.10/site-packages/tensorflow/python/autograph/impl/api.py", line 643, in wrapper
    return func(*args, **kwargs)

  File "/home/kchand/miniforge3/envs/voxelmorph_tf215/lib/python3.10/site-packages/tensorflow/python/data/ops/from_generator_op.py", line 198, in generator_py_func
    values = next(generator_state.get_iterator(iterator_id))

  File "/home/kchand/miniforge3/envs/voxelmorph_tf215/lib/python3.10/site-packages/keras/src/engine/data_adapter.py", line 917, in wrapped_generator
    for data in generator_fn():

  File "/home/kchand/miniforge3/envs/voxelmorph_tf215/lib/python3.10/site-packages/keras/src/utils/data_utils.py", line 1002, in get
    raise RuntimeError(

RuntimeError: Your generator is NOT thread-safe. Keras requires a thread-safe generator when `use_multiprocessing=False, workers > 1`. 


	 [[{{node PyFunc}}]]
	 [[IteratorGetNext]]
0 successful operations.
0 derived errors ignored. [Op:__inference_train_function_7710]
srun: error: sv1225: task 0: Exited with exit code 1
